<!DOCTYPE html>
<html xmlns="http://www.w3.org/1999/xhtml">
<head><base href="http://localhost:1360">
   æ 
</head>
<body>
</body>
</html>
