<pre> 
If you are seeing this then ApprovalTests.Asp.Bootstrap is setup correctly

Echoing 
'Testing123'

</pre>