<pre>
You MVC Project is missing a dll test project referencing
Could not load file or assembly 'SmallFry, Version=0.5.0.0, Culture=neutral, PublicKeyToken=a0877c8a8e3dbcef' or one of its dependencies. The system cannot find the file specified.
</pre>