

<!DOCTYPE html>

<html>
<head><base href="http://localhost:11625/TestableExample">
    <title>Verification Token Page</title>
</head>
<body>
<div>
    <!-- request verification token -->
</div>
</body>
</html>