The assembly:
...\bin\Debug\MaliciousCode.Tests.dll

Is not allowed.
If you would like to allow this assembly. 
Please add a filter to your Global.asax page like

UnitTestBootStrap.Register("MaliciousCode.Tests.dll");